# Домашняя работа по RAID

Добавляем диск в Vagrant file:

```
                 :sata5 => {
                        :dfile => './sata5.vdi',
                        :size => 250, # Megabytes
                        :port => 5
                },
                },
                :sata6 => {
                        :dfile => './sata6.vdi',
                        :size => 250, # Megabytes
                        :port => 6
                },
```

Вывод lshw:
```
[vagrant@otuslinux ~]$ sudo lshw -short | grep disk
/0/100/1.1/0.0.0    /dev/sda   disk        42GB VBOX HARDDISK
/0/100/d/0          /dev/sdb   disk        262MB VBOX HARDDISK
/0/100/d/1          /dev/sdc   disk        262MB VBOX HARDDISK
/0/100/d/2          /dev/sdd   disk        262MB VBOX HARDDISK
/0/100/d/3          /dev/sde   disk        262MB VBOX HARDDISK
/0/100/d/4          /dev/sdf   disk        262MB VBOX HARDDISK
/0/100/d/5          /dev/sdg   disk        262MB VBOX HARDDISK
```
Вывод fdisk:

[vagrant@otuslinux ~]$ sudo fdisk -l
```
Disk /dev/sda: 42.9 GB, 42949672960 bytes, 83886080 sectors
Units = sectors of 1 * 512 = 512 bytes
Sector size (logical/physical): 512 bytes / 512 bytes
I/O size (minimum/optimal): 512 bytes / 512 bytes
Disk label type: dos
Disk identifier: 0x0009ef1a

   Device Boot      Start         End      Blocks   Id  System
/dev/sda1   *        2048    83886079    41942016   83  Linux

Disk /dev/sdb: 262 MB, 262144000 bytes, 512000 sectors
Units = sectors of 1 * 512 = 512 bytes
Sector size (logical/physical): 512 bytes / 512 bytes
I/O size (minimum/optimal): 512 bytes / 512 bytes


Disk /dev/sdc: 262 MB, 262144000 bytes, 512000 sectors
Units = sectors of 1 * 512 = 512 bytes
Sector size (logical/physical): 512 bytes / 512 bytes
I/O size (minimum/optimal): 512 bytes / 512 bytes


Disk /dev/sdd: 262 MB, 262144000 bytes, 512000 sectors
Units = sectors of 1 * 512 = 512 bytes
Sector size (logical/physical): 512 bytes / 512 bytes
I/O size (minimum/optimal): 512 bytes / 512 bytes


Disk /dev/sde: 262 MB, 262144000 bytes, 512000 sectors
Units = sectors of 1 * 512 = 512 bytes
Sector size (logical/physical): 512 bytes / 512 bytes
I/O size (minimum/optimal): 512 bytes / 512 bytes


Disk /dev/sdf: 262 MB, 262144000 bytes, 512000 sectors
Units = sectors of 1 * 512 = 512 bytes
Sector size (logical/physical): 512 bytes / 512 bytes
I/O size (minimum/optimal): 512 bytes / 512 bytes


Disk /dev/sdg: 262 MB, 262144000 bytes, 512000 sectors
Units = sectors of 1 * 512 = 512 bytes
Sector size (logical/physical): 512 bytes / 512 bytes
I/O size (minimum/optimal): 512 bytes / 512 bytes
```
Зануляем суперблоки:
```
[vagrant@otuslinux ~]$ sudo mdadm --zero-superblock --force /dev/sd{b,c,d,e,f,g}
mdadm: Unrecognised md component device - /dev/sdb
mdadm: Unrecognised md component device - /dev/sdc
mdadm: Unrecognised md component device - /dev/sdd
mdadm: Unrecognised md component device - /dev/sde
mdadm: Unrecognised md component device - /dev/sdf
mdadm: Unrecognised md component device - /dev/sdg
```

